QA output created by 163
-- golden --
0000000 abab abab abab abab abab abab abab abab
*
20000000
-- sprout --
0000000 abab abab abab abab abab abab abab abab
*
20000000
0000000 cdcd cdcd cdcd cdcd cdcd cdcd cdcd cdcd
*
20000000
